// Jest Snapshot v1, https://goo.gl/fbAQLP

exports[`<Header /> Header snapshot 1`] = `
<header
  className="header"
>
  <a
    href="/"
    onClick={[Function]}
  >
    <img
      alt="Logo de platzi video"
      className="header__img"
      src="test-file-stub"
    />
  </a>
  <div
    className="header__menu"
  >
    <div
      className="header__menu--profile"
    >
      <img
        alt="Icono del usuario"
        src="test-file-stub"
      />
      <p>
        Perfil
      </p>
    </div>
    <ul>
      <li>
        <a
          href="/login"
          onClick={[Function]}
        >
          Iniciar Sesión
        </a>
      </li>
    </ul>
  </div>
</header>
`;
